(program (decorated (decorator BOB Marly) (def (foo) (suite (pass)))))

