(program
 (= (x) (lambda (x) (power x 2)))
 (= (y) (lambda (y z) (term y ("*" z)))))

