(program (while True (suite (pass)) (suite (expr 3))))

