(program (assert 5 4) (assert (comparison 1 ("==" 2))) (assert True))

