(program
 (cond ((comparison x ("not-in" z)) (expr (indexed print (called "Why?"))))))

